// Jest Snapshot v1, https://goo.gl/fbAQLP

exports[`TestAndStyleGame should render correctly 1`] = `
<div>
  <div
    class="css-1e2fy0l"
  >
    <h1
      class="css-11919ur"
    >
      Posts List
    </h1>
  </div>
</div>
`;
