// Jest Snapshot v1, https://goo.gl/fbAQLP

exports[`CardQuiz should render correctly 1`] = `
<div>
  <div
    class="css-1yo02vn"
  >
    <div
      class="css-dcs3az"
    >
      <div
        class="css-bsfn0c"
      />
    </div>
    <button
      class="css-1o4p7rv"
    />
    <div
      class="css-1osmfvk"
    >
      <button
        class="css-1o4p7rv"
      >
        The Fool
      </button>
      <button
        class="css-1o4p7rv"
      >
        The Magician
      </button>
      <button
        class="css-1o4p7rv"
      >
        The High Priestess
      </button>
      <button
        class="css-1o4p7rv"
      >
        The Empress
      </button>
    </div>
    <button
      class="css-1szks65"
      disabled=""
    >
      Next
    </button>
  </div>
</div>
`;
