// Jest Snapshot v1, https://goo.gl/fbAQLP

exports[`GameOutletScreen should render correctly 1`] = `
<div>
  <div
    class="css-0"
  >
    <h1
      class="css-11919ur"
    >
      Posts List
    </h1>
    <section
      class="css-wi1r3z"
      role="button"
    >
      sunt aut facere repellat provident occaecati excepturi optio reprehenderit
    </section>
    <section
      class="css-wi1r3z"
      role="button"
    >
      qui est esse
    </section>
    <section
      class="css-wi1r3z"
      role="button"
    >
      ea molestias quasi exercitationem repellat qui ipsa sit aut
    </section>
    <section
      class="css-wi1r3z"
      role="button"
    >
      eum et est occaecati
    </section>
    <section
      class="css-wi1r3z"
      role="button"
    >
      nesciunt quas odio
    </section>
    <section
      class="css-wi1r3z"
      role="button"
    >
      dolorem eum magni eos aperiam quia
    </section>
    <section
      class="css-wi1r3z"
      role="button"
    >
      magnam facilis autem
    </section>
  </div>
</div>
`;
